gcc -g p3final.c -lm
 ./a.out
enter the number 
13
the given number '13' is prime number
 ./a.out
enter the number 
20
the given number '20' is not prime number
 gdb a.out
GNU gdb (Ubuntu 8.1.1-0ubuntu1) 8.1.1
Copyright (C) 2018 Free Software Foundation, Inc.
License GPLv3+: GNU GPL version 3 or later <http://gnu.org/licenses/gpl.html>
This is free software: you are free to change and redistribute it.
There is NO WARRANTY, to the extent permitted by law.  Type "show copying"
and "show warranty" for details.
This GDB was configured as "x86_64-linux-gnu".
Type "show configuration" for configuration details.
For bug reporting instructions, please see:
<http://www.gnu.org/software/gdb/bugs/>.
Find the GDB manual and other documentation resources online at:
<http://www.gnu.org/software/gdb/documentation/>.
For help, type "help".
Type "apropos word" to search for commands related to "word"...
Reading symbols from a.out...done.
(gdb) b main
Breakpoint 1 at 0x844: file p3final.c, line 30.
(gdb) r
 
 gcc -g p3final.c
 gdb a.out
 
 gcc -g p3final.c
 ./a.out
enter the number 
13
the given number '13' is prime number
 ./a.out
enter the number 
20
the given number '20' is not prime number
 gdb a.out
GNU gdb (Ubuntu 8.1.1-0ubuntu1) 8.1.1
Copyright (C) 2018 Free Software Foundation, Inc.
License GPLv3+: GNU GPL version 3 or later <http://gnu.org/licenses/gpl.html>
This is free software: you are free to change and redistribute it.
There is NO WARRANTY, to the extent permitted by law.  Type "show copying"
and "show warranty" for details.
This GDB was configured as "x86_64-linux-gnu".
Type "show configuration" for configuration details.
For bug reporting instructions, please see:
<http://www.gnu.org/software/gdb/bugs/>.
Find the GDB manual and other documentation resources online at:
<http://www.gnu.org/software/gdb/documentation/>.
For help, type "help".
Type "apropos word" to search for commands related to "word"...
Reading symbols from a.out...done.
(gdb) b main
Breakpoint 1 at 0x844: file p3final.c, line 31.
(gdb) r
 
 gcc -g p3final.c -lm
 ./a.out
enter the number 
13
the given number '13' is prime number
 ./a.out
enter the number 
20
the given number '20' is not prime number
 gdb a.out
GNU gdb (Ubuntu 8.1.1-0ubuntu1) 8.1.1
Copyright (C) 2018 Free Software Foundation, Inc.
License GPLv3+: GNU GPL version 3 or later <http://gnu.org/licenses/gpl.html>
This is free software: you are free to change and redistribute it.
There is NO WARRANTY, to the extent permitted by law.  Type "show copying"
and "show warranty" for details.
This GDB was configured as "x86_64-linux-gnu".
Type "show configuration" for configuration details.
For bug reporting instructions, please see:
<http://www.gnu.org/software/gdb/bugs/>.
Find the GDB manual and other documentation resources online at:
<http://www.gnu.org/software/gdb/documentation/>.
For help, type "help".
Type "apropos word" to search for commands related to "word"...
Reading symbols from a.out...done.
(gdb) b main
Breakpoint 1 at 0x844: file p3final.c, line 31.
(gdb) r
 
 gcc -g p3final.c -lm
 ./a.out
enter the number 
13
the given number '13' is prime number
 ./a.out
enter the number 
20
the given number '20' is not prime number
 gdb a.out
GNU gdb (Ubuntu 8.1.1-0ubuntu1) 8.1.1
Copyright (C) 2018 Free Software Foundation, Inc.
License GPLv3+: GNU GPL version 3 or later <http://gnu.org/licenses/gpl.html>
This is free software: you are free to change and redistribute it.
There is NO WARRANTY, to the extent permitted by law.  Type "show copying"
and "show warranty" for details.
This GDB was configured as "x86_64-linux-gnu".
Type "show configuration" for configuration details.
For bug reporting instructions, please see:
<http://www.gnu.org/software/gdb/bugs/>.
Find the GDB manual and other documentation resources online at:
<http://www.gnu.org/software/gdb/documentation/>.
For help, type "help".
Type "apropos word" to search for commands related to "word"...
Reading symbols from a.out...done.
(gdb) b main
Breakpoint 1 at 0x844: file p3final.c, line 31.
(gdb) r
Starting program: /home/runner/Test2Session2/a.out 
warning: Error disabling address space randomization: Operation not permitted

Breakpoint 1, main () at p3final.c:31
31    x=input_number();
(gdb) s
input_number () at p3final.c:3
3   {
(gdb) n
5     printf("enter the number \n");
(gdb) n
enter the number 
6     scanf("%d",&n);
(gdb) n
13
7     return n;
(gdb) n
8   }
(gdb) n
main () at p3final.c:32
32    answer= is_prime(x);
(gdb) p x
$1 = 13
(gdb) s
is_prime (n=13) at p3final.c:11
11  int i, count=0;
(gdb) n
12    for(i=1;i<n;i++)
(gdb) n
14        if(n%i==0)
(gdb) n
15        count++;
(gdb) n
12    for(i=1;i<n;i++)
(gdb) n
14        if(n%i==0)
(gdb) n
12    for(i=1;i<n;i++)
(gdb) n
14        if(n%i==0)
(gdb) n
12    for(i=1;i<n;i++)
(gdb) n
14        if(n%i==0)
(gdb) n
12    for(i=1;i<n;i++)
(gdb) n
14        if(n%i==0)
(gdb) n
12    for(i=1;i<n;i++)
(gdb) n
14        if(n%i==0)
(gdb) n
12    for(i=1;i<n;i++)
(gdb) n
14        if(n%i==0)
(gdb) n
12    for(i=1;i<n;i++)
(gdb) n
14        if(n%i==0)
(gdb) n
12    for(i=1;i<n;i++)
(gdb) n
14        if(n%i==0)
(gdb) n
12    for(i=1;i<n;i++)
(gdb) n
14        if(n%i==0)
(gdb) n
12    for(i=1;i<n;i++)
(gdb) n
14        if(n%i==0)
(gdb) n
12    for(i=1;i<n;i++)
(gdb) n
14        if(n%i==0)
(gdb) n
12    for(i=1;i<n;i++)
(gdb) n
17    return count; 
(gdb) n
18  }
(gdb) n
main () at p3final.c:33
33    output(x,answer);
(gdb) s
output (n=13, is_prime=1) at p3final.c:21
21    if(is_prime<2)
(gdb) n
22    printf
(gdb) n
the given number '13' is prime number
27  }
(gdb) n
main () at p3final.c:34
34    return 0;
(gdb) n
35  }
(gdb) q
A debugging session is active.

    Inferior 1 [process 258] will be killed.

Quit anyway? (y or n) y
